[0m10:22:46.073818 [debug] [MainThread]: Sending event: {'category': 'dbt', 'action': 'invocation', 'label': 'start', 'context': [<snowplow_tracker.self_describing_json.SelfDescribingJson object at 0x000001EC5B805AC0>, <snowplow_tracker.self_describing_json.SelfDescribingJson object at 0x000001EC5BBC7500>, <snowplow_tracker.self_describing_json.SelfDescribingJson object at 0x000001EC5BB3B5C0>]}


============================== 10:22:46.084436 | eaf2617c-2564-4b32-a77c-b6dcaa3009d0 ==============================
[0m10:22:46.084436 [info ] [MainThread]: Running with dbt=1.12.0
[0m10:22:46.086307 [debug] [MainThread]: running dbt with arguments {'version_check': 'True', 'no_print': 'None', 'static_parser': 'True', 'target_path': 'None', 'maximum_seed_size_mib': '1', 'warn_error_options': 'WarnErrorOptionsV2(error=[], warn=[], silence=[])', 'printer_width': '80', 'write_json': 'True', 'empty': 'None', 'log_cache_events': 'False', 'introspect': 'True', 'cache_selected_only': 'False', 'log_format': 'default', 'debug': 'False', 'fail_fast': 'False', 'partial_parse': 'True', 'send_anonymous_usage_stats': 'True', 'quiet': 'False', 'warn_error': 'None', 'profiles_dir': 'C:\\Users\\kmole\\.dbt', 'indirect_selection': 'eager', 'hints_enabled': 'True', 'use_colors': 'True', 'use_experimental_parser': 'False', 'invocation_command': 'dbt init netflix', 'log_path': 'logs'}
[0m10:22:46.177057 [debug] [MainThread]: Starter project path: C:\Users\kmole\Projects\DbtEndToEnd\dbte2e\Lib\site-packages\dbt\include\starter_project
[0m10:22:46.243467 [info ] [MainThread]: Setting up your profile.
[0m10:26:29.408134 [info ] [MainThread]: Profile netflix written to C:\Users\kmole\.dbt\profiles.yml using target's profile_template.yml and your supplied values.
[0m10:26:29.415283 [info ] [MainThread]: Running dbt debug to validate the project...
[0m10:26:29.417901 [info ] [MainThread]: dbt version: 1.12.0
[0m10:26:29.419389 [info ] [MainThread]: python version: 3.12.3
[0m10:26:29.420966 [info ] [MainThread]: python path: C:\Users\kmole\Projects\DbtEndToEnd\dbte2e\Scripts\python.exe
[0m10:26:29.422696 [info ] [MainThread]: os info: Windows-11-10.0.26200-SP0
[0m10:26:29.554394 [info ] [MainThread]: Using profiles dir at C:\Users\kmole\.dbt
[0m10:26:29.555908 [info ] [MainThread]: Using profiles.yml file at C:\Users\kmole\.dbt\profiles.yml
[0m10:26:29.556921 [info ] [MainThread]: Using dbt_project.yml file at C:\Users\kmole\Projects\DbtEndToEnd\netflix\dbt_project.yml
[0m10:26:29.560494 [info ] [MainThread]: adapter type: snowflake
[0m10:26:29.561847 [info ] [MainThread]: adapter version: 1.9.0
[0m10:26:29.754727 [info ] [MainThread]: Configuration:
[0m10:26:29.755727 [info ] [MainThread]:   profiles.yml file [[32mOK found and valid[0m]
[0m10:26:29.758258 [info ] [MainThread]:   dbt_project.yml file [[32mOK found and valid[0m]
[0m10:26:29.758861 [info ] [MainThread]: Required dependencies:
[0m10:26:29.760403 [debug] [MainThread]: Executing "git --help"
[0m10:26:29.845984 [debug] [MainThread]: STDOUT: "b"usage: git [-v | --version] [-h | --help] [-C <path>] [-c <name>=<value>]\n           [--exec-path[=<path>]] [--html-path] [--man-path] [--info-path]\n           [-p | --paginate | -P | --no-pager] [--no-replace-objects] [--bare]\n           [--git-dir=<path>] [--work-tree=<path>] [--namespace=<name>]\n           [--config-env=<name>=<envvar>] <command> [<args>]\n\nThese are common Git commands used in various situations:\n\nstart a working area (see also: git help tutorial)\n   clone     Clone a repository into a new directory\n   init      Create an empty Git repository or reinitialize an existing one\n\nwork on the current change (see also: git help everyday)\n   add       Add file contents to the index\n   mv        Move or rename a file, a directory, or a symlink\n   restore   Restore working tree files\n   rm        Remove files from the working tree and from the index\n\nexamine the history and state (see also: git help revisions)\n   bisect    Use binary search to find the commit that introduced a bug\n   diff      Show changes between commits, commit and working tree, etc\n   grep      Print lines matching a pattern\n   log       Show commit logs\n   show      Show various types of objects\n   status    Show the working tree status\n\ngrow, mark and tweak your common history\n   branch    List, create, or delete branches\n   commit    Record changes to the repository\n   merge     Join two or more development histories together\n   rebase    Reapply commits on top of another base tip\n   reset     Reset current HEAD to the specified state\n   switch    Switch branches\n   tag       Create, list, delete or verify a tag object signed with GPG\n\ncollaborate (see also: git help workflows)\n   fetch     Download objects and refs from another repository\n   pull      Fetch from and integrate with another repository or a local branch\n   push      Update remote refs along with associated objects\n\n'git help -a' and 'git help -g' list available subcommands and some\nconcept guides. See 'git help <command>' or 'git help <concept>'\nto read about a specific subcommand or concept.\nSee 'git help git' for an overview of the system.\n""
[0m10:26:29.846994 [debug] [MainThread]: STDERR: "b''"
[0m10:26:29.848460 [info ] [MainThread]:  - git [[32mOK found[0m]

[0m10:26:29.849756 [info ] [MainThread]: Connection:
[0m10:26:29.851291 [info ] [MainThread]:   account: JGPKMAC-MB32334
[0m10:26:29.852799 [info ] [MainThread]:   user: dbt
[0m10:26:29.853814 [info ] [MainThread]:   database: MOVIELENS
[0m10:26:29.853814 [info ] [MainThread]:   warehouse: COMPUTE_WH
[0m10:26:29.856357 [info ] [MainThread]:   role: TRANSFORM
[0m10:26:29.857354 [info ] [MainThread]:   schema: RAW
[0m10:26:29.858545 [info ] [MainThread]:   authenticator: None
[0m10:26:29.860593 [info ] [MainThread]:   oauth_client_id: None
[0m10:26:29.861758 [info ] [MainThread]:   query_tag: None
[0m10:26:29.863257 [info ] [MainThread]:   client_session_keep_alive: False
[0m10:26:29.864266 [info ] [MainThread]:   host: None
[0m10:26:29.867257 [info ] [MainThread]:   port: None
[0m10:26:29.868833 [info ] [MainThread]:   proxy_host: None
[0m10:26:29.871772 [info ] [MainThread]:   proxy_port: None
[0m10:26:29.873081 [info ] [MainThread]:   protocol: None
[0m10:26:29.874113 [info ] [MainThread]:   connect_retries: 1
[0m10:26:29.875633 [info ] [MainThread]:   connect_timeout: None
[0m10:26:29.876652 [info ] [MainThread]:   retry_on_database_errors: False
[0m10:26:29.878646 [info ] [MainThread]:   retry_all: False
[0m10:26:29.879658 [info ] [MainThread]:   insecure_mode: False
[0m10:26:29.880710 [info ] [MainThread]:   reuse_connections: True
[0m10:26:29.883247 [info ] [MainThread]: Registered adapter: snowflake=1.9.0
[0m10:26:31.025217 [debug] [MainThread]: Acquiring new snowflake connection 'debug'
[0m10:26:37.339943 [debug] [MainThread]: Using snowflake connection "debug"
[0m10:26:37.340840 [debug] [MainThread]: On debug: select 1 as id
[0m10:26:37.341772 [debug] [MainThread]: Opening a new connection, currently in state init
[0m10:26:45.877787 [debug] [MainThread]: SQL status: SUCCESS 1 in 8.537 seconds
[0m10:26:45.880301 [info ] [MainThread]:   Connection test: [[32mOK connection ok[0m]

[0m10:26:45.882180 [info ] [MainThread]: [32mAll checks passed![0m
[0m10:26:45.883179 [info ] [MainThread]: Your new dbt project "netflix" was created!
Initialized new project in C:\Users\kmole\Projects\DbtEndToEnd\netflix\netflix

For more information on how to configure the profiles.yml file,
please consult the dbt documentation here:

  https://docs.getdbt.com/docs/configure-your-profile

One more thing:

Need help? Don't hesitate to reach out to us via GitHub issues or on Slack:

  https://community.getdbt.com/

Happy modeling!

[0m10:26:45.884641 [debug] [MainThread]: Command `dbt init` succeeded at 10:26:45.884641 after 240.08 seconds
[0m10:26:45.885896 [debug] [MainThread]: Connection 'debug' was left open.
[0m10:26:45.886997 [debug] [MainThread]: On debug: Close
[0m10:26:46.334985 [debug] [MainThread]: Sending event: {'category': 'dbt', 'action': 'invocation', 'label': 'end', 'context': [<snowplow_tracker.self_describing_json.SelfDescribingJson object at 0x000001EC5D77FCB0>, <snowplow_tracker.self_describing_json.SelfDescribingJson object at 0x000001EC5E30ED50>, <snowplow_tracker.self_describing_json.SelfDescribingJson object at 0x000001EC5EB19A30>]}
[0m10:26:46.336048 [debug] [MainThread]: Flushing usage events
[0m10:26:48.302210 [debug] [MainThread]: An error was encountered while trying to flush usage events
